[16:36:05.372] [INFO] storybook v10.4.4
[16:36:06.614] [ERROR] [38;2;241;97;97mSB_CORE-SERVER_0007 (MainFileEvaluationError): Storybook couldn't evaluate your [33m.storybook/main.ts[39m file.

Original error:
[37mError [ERR_MODULE_NOT_FOUND]: Cannot find package '@storybook/react-vite' imported from /.storybook/main.ts
    at Object.getPackageJSONURL (node:internal/modules/package_json_reader:301:9)
    at packageResolve (node:internal/modules/esm/resolve:768:81)
    at moduleResolve (node:internal/modules/esm/resolve:859:18)
    at defaultResolve (node:internal/modules/esm/resolve:992:11)
    at nextResolve (node:internal/modules/esm/hooks:769:28)
    at AsyncLoaderHooksOnLoaderHookWorker.resolve (node:internal/modules/esm/hooks:265:30)
    at MessagePort.handleMessage (node:internal/modules/esm/worker:251:24)
    at [nodejs.internal.kHybridDispatch] (node:internal/event_target:843:20)
    at MessagePort.<anonymous> (node:internal/per_context/messageport:23:28)[39m[39m
    at loadMainConfig (file:///home/qua11ra/Code/LifeFlow/node_modules/.pnpm/storybook@10.4.4_@testing-library+dom@10.4.1_@types+react@19.2.17_prettier@3.7.4_react-_70f88a90dc46db3b8ba00521c672a4f1/node_modules/storybook/dist/_node-chunks/chunk-3FBJJ3J7.js:10146:11)
    at async buildDevStandalone (file:///home/qua11ra/Code/LifeFlow/node_modules/.pnpm/storybook@10.4.4_@testing-library+dom@10.4.1_@types+react@19.2.17_prettier@3.7.4_react-_70f88a90dc46db3b8ba00521c672a4f1/node_modules/storybook/dist/core-server/index.js:11977:16)
    at async withTelemetry (file:///home/qua11ra/Code/LifeFlow/node_modules/.pnpm/storybook@10.4.4_@testing-library+dom@10.4.1_@types+react@19.2.17_prettier@3.7.4_react-_70f88a90dc46db3b8ba00521c672a4f1/node_modules/storybook/dist/_node-chunks/chunk-TQLYOGGH.js:655:12)
    at async dev (file:///home/qua11ra/Code/LifeFlow/node_modules/.pnpm/storybook@10.4.4_@testing-library+dom@10.4.1_@types+react@19.2.17_prettier@3.7.4_react-_70f88a90dc46db3b8ba00521c672a4f1/node_modules/storybook/dist/bin/core.js:2735:3)
    at async _Command.<anonymous> (file:///home/qua11ra/Code/LifeFlow/node_modules/.pnpm/storybook@10.4.4_@testing-library+dom@10.4.1_@types+react@19.2.17_prettier@3.7.4_react-_70f88a90dc46db3b8ba00521c672a4f1/node_modules/storybook/dist/bin/core.js:2805:92)
[16:36:06.623] [WARN] Broken build, fix the error above.
You may need to refresh the browser.
[16:36:06.630] [WARN]   Failed to load preset: "/home/qua11ra/Code/LifeFlow/packages/ui/.storybook/main.ts"
[16:36:06.630] [ERROR] Error [ERR_MODULE_NOT_FOUND]: Cannot find package '@storybook/react-vite' imported from ./.storybook/main.ts
    at Object.getPackageJSONURL (node:internal/modules/package_json_reader:301:9)
    at packageResolve (node:internal/modules/esm/resolve:768:81)
    at moduleResolve (node:internal/modules/esm/resolve:859:18)
    at defaultResolve (node:internal/modules/esm/resolve:992:11)
    at nextResolve (node:internal/modules/esm/hooks:769:28)
    at AsyncLoaderHooksOnLoaderHookWorker.resolve (node:internal/modules/esm/hooks:265:30)
    at MessagePort.handleMessage (node:internal/modules/esm/worker:251:24)
    at [nodejs.internal.kHybridDispatch] (node:internal/event_target:843:20)
    at MessagePort.<anonymous> (node:internal/per_context/messageport:23:28)
[16:36:12.501] [PROMPT] Would you like to send anonymous crash reports to improve Storybook and fix bugs faster? {"choice":false}
[16:36:12.505] [INFO] Storybook collects completely anonymous usage telemetry. We use it to shape Storybook's roadmap and prioritize features. You can learn more, including how to opt out, at https://storybook.js.org/telemetry